// Jest Snapshot v1, https://goo.gl/fbAQLP

exports[`testing the <ResetPassword/> component renders 1`] = `
<form
  className="generalStyles__Form-sc-1oz5zu1-1 kCRZkl"
  method="post"
  onSubmit={[Function]}
>
  <fieldset
    aria-busy={false}
    disabled={false}
  >
    <h2>
      Reset your Accountâ€™s Password
    </h2>
    <label
      htmlFor="email"
    >
      Email
      <input
        name="email"
        onChange={[Function]}
        placeholder="email"
        type="email"
        value=""
      />
    </label>
    <button
      type="submit"
    >
      Reset
    </button>
  </fieldset>
</form>
`;
