// Jest Snapshot v1, https://goo.gl/fbAQLP

exports[`testing the <AddToCartButton/> component renders 1`] = `
<AddToCartButton
  productId="QWERTY0123"
>
  <Mutation
    mutation={
      Object {
        "definitions": Array [
          Object {
            "directives": Array [],
            "kind": "OperationDefinition",
            "name": Object {
              "kind": "Name",
              "value": "ADD_PRODUCT_TO_CART_MUTATION",
            },
            "operation": "mutation",
            "selectionSet": Object {
              "kind": "SelectionSet",
              "selections": Array [
                Object {
                  "alias": undefined,
                  "arguments": Array [
                    Object {
                      "kind": "Argument",
                      "name": Object {
                        "kind": "Name",
                        "value": "id",
                      },
                      "value": Object {
                        "kind": "Variable",
                        "name": Object {
                          "kind": "Name",
                          "value": "id",
                        },
                      },
                    },
                  ],
                  "directives": Array [],
                  "kind": "Field",
                  "name": Object {
                    "kind": "Name",
                    "value": "addProductToCart",
                  },
                  "selectionSet": Object {
                    "kind": "SelectionSet",
                    "selections": Array [
                      Object {
                        "alias": undefined,
                        "arguments": Array [],
                        "directives": Array [],
                        "kind": "Field",
                        "name": Object {
                          "kind": "Name",
                          "value": "id",
                        },
                        "selectionSet": undefined,
                      },
                      Object {
                        "alias": undefined,
                        "arguments": Array [],
                        "directives": Array [],
                        "kind": "Field",
                        "name": Object {
                          "kind": "Name",
                          "value": "quantity",
                        },
                        "selectionSet": undefined,
                      },
                    ],
                  },
                },
              ],
            },
            "variableDefinitions": Array [
              Object {
                "defaultValue": undefined,
                "directives": Array [],
                "kind": "VariableDefinition",
                "type": Object {
                  "kind": "NonNullType",
                  "type": Object {
                    "kind": "NamedType",
                    "name": Object {
                      "kind": "Name",
                      "value": "ID",
                    },
                  },
                },
                "variable": Object {
                  "kind": "Variable",
                  "name": Object {
                    "kind": "Name",
                    "value": "id",
                  },
                },
              },
            ],
          },
        ],
        "kind": "Document",
        "loc": Object {
          "end": 142,
          "start": 0,
        },
      }
    }
    refetchQueries={
      Array [
        Object {
          "query": Object {
            "definitions": Array [
              Object {
                "directives": Array [],
                "kind": "OperationDefinition",
                "name": Object {
                  "kind": "Name",
                  "value": "CURRENT_USER_QUERY",
                },
                "operation": "query",
                "selectionSet": Object {
                  "kind": "SelectionSet",
                  "selections": Array [
                    Object {
                      "alias": undefined,
                      "arguments": Array [],
                      "directives": Array [],
                      "kind": "Field",
                      "name": Object {
                        "kind": "Name",
                        "value": "me",
                      },
                      "selectionSet": Object {
                        "kind": "SelectionSet",
                        "selections": Array [
                          Object {
                            "alias": undefined,
                            "arguments": Array [],
                            "directives": Array [],
                            "kind": "Field",
                            "name": Object {
                              "kind": "Name",
                              "value": "id",
                            },
                            "selectionSet": undefined,
                          },
                          Object {
                            "alias": undefined,
                            "arguments": Array [],
                            "directives": Array [],
                            "kind": "Field",
                            "name": Object {
                              "kind": "Name",
                              "value": "email",
                            },
                            "selectionSet": undefined,
                          },
                          Object {
                            "alias": undefined,
                            "arguments": Array [],
                            "directives": Array [],
                            "kind": "Field",
                            "name": Object {
                              "kind": "Name",
                              "value": "name",
                            },
                            "selectionSet": undefined,
                          },
                          Object {
                            "alias": undefined,
                            "arguments": Array [],
                            "directives": Array [],
                            "kind": "Field",
                            "name": Object {
                              "kind": "Name",
                              "value": "permissions",
                            },
                            "selectionSet": undefined,
                          },
                          Object {
                            "alias": undefined,
                            "arguments": Array [],
                            "directives": Array [],
                            "kind": "Field",
                            "name": Object {
                              "kind": "Name",
                              "value": "cart",
                            },
                            "selectionSet": Object {
                              "kind": "SelectionSet",
                              "selections": Array [
                                Object {
                                  "alias": undefined,
                                  "arguments": Array [],
                                  "directives": Array [],
                                  "kind": "Field",
                                  "name": Object {
                                    "kind": "Name",
                                    "value": "id",
                                  },
                                  "selectionSet": undefined,
                                },
                                Object {
                                  "alias": undefined,
                                  "arguments": Array [],
                                  "directives": Array [],
                                  "kind": "Field",
                                  "name": Object {
                                    "kind": "Name",
                                    "value": "quantity",
                                  },
                                  "selectionSet": undefined,
                                },
                                Object {
                                  "alias": undefined,
                                  "arguments": Array [],
                                  "directives": Array [],
                                  "kind": "Field",
                                  "name": Object {
                                    "kind": "Name",
                                    "value": "product",
                                  },
                                  "selectionSet": Object {
                                    "kind": "SelectionSet",
                                    "selections": Array [
                                      Object {
                                        "alias": undefined,
                                        "arguments": Array [],
                                        "directives": Array [],
                                        "kind": "Field",
                                        "name": Object {
                                          "kind": "Name",
                                          "value": "id",
                                        },
                                        "selectionSet": undefined,
                                      },
                                      Object {
                                        "alias": undefined,
                                        "arguments": Array [],
                                        "directives": Array [],
                                        "kind": "Field",
                                        "name": Object {
                                          "kind": "Name",
                                          "value": "price",
                                        },
                                        "selectionSet": undefined,
                                      },
                                      Object {
                                        "alias": undefined,
                                        "arguments": Array [],
                                        "directives": Array [],
                                        "kind": "Field",
                                        "name": Object {
                                          "kind": "Name",
                                          "value": "title",
                                        },
                                        "selectionSet": undefined,
                                      },
                                      Object {
                                        "alias": undefined,
                                        "arguments": Array [],
                                        "directives": Array [],
                                        "kind": "Field",
                                        "name": Object {
                                          "kind": "Name",
                                          "value": "image",
                                        },
                                        "selectionSet": undefined,
                                      },
                                      Object {
                                        "alias": undefined,
                                        "arguments": Array [],
                                        "directives": Array [],
                                        "kind": "Field",
                                        "name": Object {
                                          "kind": "Name",
                                          "value": "description",
                                        },
                                        "selectionSet": undefined,
                                      },
                                    ],
                                  },
                                },
                              ],
                            },
                          },
                        ],
                      },
                    },
                  ],
                },
                "variableDefinitions": Array [],
              },
            ],
            "kind": "Document",
            "loc": Object {
              "end": 390,
              "start": 0,
            },
          },
        },
      ]
    }
    variables={
      Object {
        "id": "QWERTY0123",
      }
    }
  >
    <button
      disabled={false}
      onClick={[Function]}
    >
      🛒
       Add
       To Cart
    </button>
  </Mutation>
</AddToCartButton>
`;
